// Jest Snapshot v1, https://goo.gl/fbAQLP

exports[`ThemeOptions ThemeOptions - should render correctly all the options 1`] = `
<DocumentFragment>
  <div
    class="grid gap-1.5 w-full"
  >
    <button
      aria-autocomplete="none"
      aria-controls="radix-:r0:"
      aria-expanded="true"
      class="flex h-10 items-center justify-between rounded-md border border-gray-200 bg-white px-3 py-2 text-sm ring-offset-white placeholder:text-gray-500 focus:outline-none focus:ring-2 focus:ring-gray-950 focus:ring-offset-2 disabled:cursor-not-allowed disabled:opacity-50 [&>span]:line-clamp-1 dark:border-gray-800 dark:bg-gray-950 dark:ring-offset-gray-950 dark:placeholder:text-gray-400 dark:focus:ring-gray-300 w-24"
      data-state="open"
      data-testid="theme-options"
      dir="ltr"
      role="combobox"
      type="button"
    >
      <span
        style="pointer-events: none;"
      >
        Light
      </span>
      <svg
        aria-hidden="true"
        class="lucide lucide-chevron-down h-4 w-4 opacity-50"
        fill="none"
        height="24"
        stroke="currentColor"
        stroke-linecap="round"
        stroke-linejoin="round"
        stroke-width="2"
        viewBox="0 0 24 24"
        width="24"
        xmlns="http://www.w3.org/2000/svg"
      >
        <path
          d="m6 9 6 6 6-6"
        />
      </svg>
    </button>
  </div>
</DocumentFragment>
`;
