// Jest Snapshot v1, https://goo.gl/fbAQLP

exports[`ScreenshotPreview ScreenshotPreview - should render without issues 1`] = `<DocumentFragment />`;
